Compiling the C compiler identification source file "CMakeCCompilerId.c" failed.
Compiler: C:/Users/Justin/.platformio/packages/toolchain-gccarmnoneeabi@1.80201.181220/bin/arm-none-eabi-gcc.exe 
Build flags: 
Id flags:  

The output was:
1
c:/users/justin/.platformio/packages/toolchain-gccarmnoneeabi@1.80201.181220/bin/../lib/gcc/arm-none-eabi/8.2.1/../../../../arm-none-eabi/bin/ld.exe: c:/users/justin/.platformio/packages/toolchain-gccarmnoneeabi@1.80201.181220/bin/../lib/gcc/arm-none-eabi/8.2.1/../../../../arm-none-eabi/lib\libc.a(lib_a-exit.o): in function `exit':
exit.c:(.text.exit+0x2c): undefined reference to `_exit'
collect2.exe: error: ld returned 1 exit status


Compiling the CXX compiler identification source file "CMakeCXXCompilerId.cpp" failed.
Compiler: C:/Users/Justin/.platformio/packages/toolchain-gccarmnoneeabi@1.80201.181220/bin/arm-none-eabi-gcc.exe 
Build flags: 
Id flags:  

The output was:
1
c:/users/justin/.platformio/packages/toolchain-gccarmnoneeabi@1.80201.181220/bin/../lib/gcc/arm-none-eabi/8.2.1/../../../../arm-none-eabi/bin/ld.exe: c:/users/justin/.platformio/packages/toolchain-gccarmnoneeabi@1.80201.181220/bin/../lib/gcc/arm-none-eabi/8.2.1/../../../../arm-none-eabi/lib\libc.a(lib_a-exit.o): in function `exit':
exit.c:(.text.exit+0x2c): undefined reference to `_exit'
collect2.exe: error: ld returned 1 exit status


Performing C SOURCE FILE Test check_fmacro_prefix_map_C__Users_Justin_OneDrive___University_of_Cape_Town_Course_Work_2026_EEE4113F___Design_Code_VSCode2_Project_ICICLE_zephyr_CMAKE_SOURCE_DIR_C__nostartfiles__nostdlib__isystem__c__users_justin__platformio_packages_toolchain_gccarmnoneeabi_1_80201_181220_bin____lib_gcc_arm_none_eabi_8_2_1_include___isystem__c__users_justin__platformio_packages_toolchain_gccarmnoneeabi_1_80201_181220_bin____lib_gcc_arm_none_eabi_8_2_1_include_fixed___Wl___unresolved_symbols_ignore_in_object_files__Wl___entry_0 failed with the following output:
Change Dir: C:/Users/Justin/OneDrive - University of Cape Town/Course Work/2026/EEE4113F - Design/Code/VSCode2/Project ICICLE/.pio/build/adafruit_itsybitsy_m4/CMakeFiles/CMakeTmp

Run Build Command(s):C:/Users/Justin/.platformio/packages/tool-ninja/ninja.exe cmTC_99b29 && [1/2] Building C object CMakeFiles/cmTC_99b29.dir/src.c.obj
FAILED: CMakeFiles/cmTC_99b29.dir/src.c.obj 
C:\Users\Justin\.platformio\packages\toolchain-gccarmnoneeabi@1.80201.181220\bin\arm-none-eabi-gcc.exe -Dcheck_fmacro_prefix_map_C__Users_Justin_OneDrive___University_of_Cape_Town_Course_Work_2026_EEE4113F___Design_Code_VSCode2_Project_ICICLE_zephyr_CMAKE_SOURCE_DIR_C__nostartfiles__nostdlib__isystem__c__users_justin__platformio_packages_toolchain_gccarmnoneeabi_1_80201_181220_bin____lib_gcc_arm_none_eabi_8_2_1_include___isystem__c__users_justin__platformio_packages_toolchain_gccarmnoneeabi_1_80201_181220_bin____lib_gcc_arm_none_eabi_8_2_1_include_fixed___Wl___unresolved_symbols_ignore_in_object_files__Wl___entry_0  -nostartfiles -nostdlib -isystem "c:/users/justin/.platformio/packages/toolchain-gccarmnoneeabi@1.80201.181220/bin/../lib/gcc/arm-none-eabi/8.2.1/include" -isystem "c:/users/justin/.platformio/packages/toolchain-gccarmnoneeabi@1.80201.181220/bin/../lib/gcc/arm-none-eabi/8.2.1/include-fixed" -Wl,--unresolved-symbols=ignore-in-object-files -Wl,--entry=0   -fmacro-prefix-map=C:/Users/Justin/OneDrive - University of Cape Town/Course Work/2026/EEE4113F - Design/Code/VSCode2/Project ICICLE/zephyr=CMAKE_SOURCE_DIR -o CMakeFiles/cmTC_99b29.dir/src.c.obj -c "C:/Users/Justin/OneDrive - University of Cape Town/Course Work/2026/EEE4113F - Design/Code/VSCode2/Project ICICLE/.pio/build/adafruit_itsybitsy_m4/CMakeFiles/CMakeTmp/src.c"
arm-none-eabi-gcc.exe: error: University: No such file or directory
arm-none-eabi-gcc.exe: error: of: No such file or directory
arm-none-eabi-gcc.exe: error: Cape: No such file or directory
arm-none-eabi-gcc.exe: error: Town/Course: No such file or directory
arm-none-eabi-gcc.exe: error: Work/2026/EEE4113F: No such file or directory
arm-none-eabi-gcc.exe: error: Design/Code/VSCode2/Project: No such file or directory
arm-none-eabi-gcc.exe: error: ICICLE/zephyr=CMAKE_SOURCE_DIR: No such file or directory
ninja: build stopped: subcommand failed.


Source file was:
int main(void) { return 0; }
